Loading cdo/2.6.0
  Loading requirement: intel-mkl/2023.2.0 python3/3.12.1
parallel: Warning: --citation ignores all other options and arguments.

Academic tradition requires you to cite works you base your article on.
If you use programs that use GNU Parallel to process data for an article in a
scientific publication, please cite:

@book{tange_ole_2018_1146014,
      author       = {Tange, Ole},
      title        = {GNU Parallel 2018},
      publisher    = {Ole Tange},
      month        = Mar,
      year         = 2018,
      ISBN         = {9781387509881},
      doi          = {10.5281/zenodo.1146014},
      url          = {https://doi.org/10.5281/zenodo.1146014}
}

(Feel free to use \nocite{tange_ole_2018_1146014})

This helps funding further development; AND IT WON'T COST YOU A CENT.
If you pay 10000 EUR you should feel free to use GNU Parallel without citing.

More about funding GNU Parallel and the citation notice:
https://lists.gnu.org/archive/html/parallel/2013-11/msg00006.html
https://www.gnu.org/software/parallel/parallel_design.html#Citation-notice
https://git.savannah.gnu.org/cgit/parallel.git/tree/doc/citation-notice-faq.txt

If you send a copy of your published article to tange@gnu.org, it will be
mentioned in the release notes of next version of GNU Parallel.

parallel: Warning: --citation ignores all other options and arguments.

Academic tradition requires you to cite works you base your article on.
If you use programs that use GNU Parallel to process data for an article in a
scientific publication, please cite:

@book{tange_ole_2018_1146014,
      author       = {Tange, Ole},
      title        = {GNU Parallel 2018},
      publisher    = {Ole Tange},
      month        = Mar,
      year         = 2018,
      ISBN         = {9781387509881},
      doi          = {10.5281/zenodo.1146014},
      url          = {https://doi.org/10.5281/zenodo.1146014}
}

(Feel free to use \nocite{tange_ole_2018_1146014})

This helps funding further development; AND IT WON'T COST YOU A CENT.
If you pay 10000 EUR you should feel free to use GNU Parallel without citing.

More about funding GNU Parallel and the citation notice:
https://lists.gnu.org/archive/html/parallel/2013-11/msg00006.html
https://www.gnu.org/software/parallel/parallel_design.html#Citation-notice
https://git.savannah.gnu.org/cgit/parallel.git/tree/doc/citation-notice-faq.txt

If you send a copy of your published article to tange@gnu.org, it will be
mentioned in the release notes of next version of GNU Parallel.

