Loading conda/analysis3-26.07
  Loading requirement: singularity
/g/data/xp65/public/apps/med_conda/envs/analysis3-26.07/lib/python3.12/site-packages/sitecustomize.py:72: UserWarning: Pandas requires version '2.10.2' or newer of 'numexpr' (version '2.10.1' currently installed).
  mod = _real_import(name, globals, locals, fromlist, level)
/g/data/xp65/public/apps/med_conda/envs/analysis3-26.07/lib/python3.12/site-packages/argopy/utils/lists.py:38: UserWarning: An error occurred while loading the ERDDAP data fetcher, it will not be available !
<class 'ImportError'>
cannot import name '_quote_string_constraints' from 'erddapy.erddapy' (/g/data/xp65/public/apps/med_conda/envs/analysis3-26.07/lib/python3.12/site-packages/erddapy/erddapy.py)
  warnings.warn(
/g/data/xp65/public/apps/med_conda/envs/analysis3-26.07/lib/python3.12/site-packages/argopy/utils/lists.py:50: UserWarning: An error occurred while loading the ArgoVis data fetcher, it will not be available !
<class 'ImportError'>
cannot import name '_quote_string_constraints' from 'erddapy.erddapy' (/g/data/xp65/public/apps/med_conda/envs/analysis3-26.07/lib/python3.12/site-packages/erddapy/erddapy.py)
  warnings.warn(
/g/data/xp65/public/apps/med_conda/envs/analysis3-26.07/lib/python3.12/site-packages/argopy/utils/lists.py:66: UserWarning: An error occurred while loading the GDAC data fetcher, it will not be available !
<class 'ImportError'>
cannot import name '_quote_string_constraints' from 'erddapy.erddapy' (/g/data/xp65/public/apps/med_conda/envs/analysis3-26.07/lib/python3.12/site-packages/erddapy/erddapy.py)
  warnings.warn(
/g/data/xp65/public/apps/med_conda/envs/analysis3-26.07/lib/python3.12/site-packages/argopy/utils/lists.py:91: UserWarning: An error occurred while loading the ERDDAP index fetcher, it will not be available !
<class 'ImportError'>
cannot import name '_quote_string_constraints' from 'erddapy.erddapy' (/g/data/xp65/public/apps/med_conda/envs/analysis3-26.07/lib/python3.12/site-packages/erddapy/erddapy.py)
  warnings.warn(
/g/data/xp65/public/apps/med_conda/envs/analysis3-26.07/lib/python3.12/site-packages/argopy/utils/lists.py:107: UserWarning: An error occurred while loading the GDAC index fetcher, it will not be available !
<class 'ImportError'>
cannot import name '_quote_string_constraints' from 'erddapy.erddapy' (/g/data/xp65/public/apps/med_conda/envs/analysis3-26.07/lib/python3.12/site-packages/erddapy/erddapy.py)
  warnings.warn(
/home/563/fm6730/.local/lib/python3.12/site-packages/xarray/backends/plugins.py:109: RuntimeWarning: Engine 'argo' loading failed:
cannot import name '_quote_string_constraints' from 'erddapy.erddapy' (/g/data/xp65/public/apps/med_conda/envs/analysis3-26.07/lib/python3.12/site-packages/erddapy/erddapy.py)
  external_backend_entrypoints = backends_dict_from_pkg(entrypoints_unique)
/home/563/fm6730/localrepo/wave_vertical_heating/scripts/main/create_doyclim.py:24: UserWarning: The specified chunks separate the stored chunks along dimension "level" starting at index 1. This could degrade performance. Instead, consider rechunking after loading.
  ds_clim = xr.open_mfdataset(os.path.join(folder,f"{var}_era5_oper_pl_merge*.nc"), chunks="auto")
/home/563/fm6730/localrepo/wave_vertical_heating/scripts/main/create_doyclim.py:24: UserWarning: The specified chunks separate the stored chunks along dimension "lat" starting at index 1. This could degrade performance. Instead, consider rechunking after loading.
  ds_clim = xr.open_mfdataset(os.path.join(folder,f"{var}_era5_oper_pl_merge*.nc"), chunks="auto")
/home/563/fm6730/localrepo/wave_vertical_heating/scripts/main/create_doyclim.py:24: UserWarning: The specified chunks separate the stored chunks along dimension "level" starting at index 1. This could degrade performance. Instead, consider rechunking after loading.
  ds_clim = xr.open_mfdataset(os.path.join(folder,f"{var}_era5_oper_pl_merge*.nc"), chunks="auto")
/home/563/fm6730/localrepo/wave_vertical_heating/scripts/main/create_doyclim.py:24: UserWarning: The specified chunks separate the stored chunks along dimension "lat" starting at index 1. This could degrade performance. Instead, consider rechunking after loading.
  ds_clim = xr.open_mfdataset(os.path.join(folder,f"{var}_era5_oper_pl_merge*.nc"), chunks="auto")
/home/563/fm6730/localrepo/wave_vertical_heating/scripts/main/create_doyclim.py:24: UserWarning: The specified chunks separate the stored chunks along dimension "level" starting at index 1. This could degrade performance. Instead, consider rechunking after loading.
  ds_clim = xr.open_mfdataset(os.path.join(folder,f"{var}_era5_oper_pl_merge*.nc"), chunks="auto")
/home/563/fm6730/localrepo/wave_vertical_heating/scripts/main/create_doyclim.py:24: UserWarning: The specified chunks separate the stored chunks along dimension "lat" starting at index 1. This could degrade performance. Instead, consider rechunking after loading.
  ds_clim = xr.open_mfdataset(os.path.join(folder,f"{var}_era5_oper_pl_merge*.nc"), chunks="auto")
/home/563/fm6730/localrepo/wave_vertical_heating/scripts/main/create_doyclim.py:24: UserWarning: The specified chunks separate the stored chunks along dimension "level" starting at index 1. This could degrade performance. Instead, consider rechunking after loading.
  ds_clim = xr.open_mfdataset(os.path.join(folder,f"{var}_era5_oper_pl_merge*.nc"), chunks="auto")
/home/563/fm6730/localrepo/wave_vertical_heating/scripts/main/create_doyclim.py:24: UserWarning: The specified chunks separate the stored chunks along dimension "lat" starting at index 1. This could degrade performance. Instead, consider rechunking after loading.
  ds_clim = xr.open_mfdataset(os.path.join(folder,f"{var}_era5_oper_pl_merge*.nc"), chunks="auto")
/home/563/fm6730/localrepo/wave_vertical_heating/scripts/main/create_doyclim.py:24: UserWarning: The specified chunks separate the stored chunks along dimension "level" starting at index 1. This could degrade performance. Instead, consider rechunking after loading.
  ds_clim = xr.open_mfdataset(os.path.join(folder,f"{var}_era5_oper_pl_merge*.nc"), chunks="auto")
/home/563/fm6730/localrepo/wave_vertical_heating/scripts/main/create_doyclim.py:24: UserWarning: The specified chunks separate the stored chunks along dimension "lat" starting at index 1. This could degrade performance. Instead, consider rechunking after loading.
  ds_clim = xr.open_mfdataset(os.path.join(folder,f"{var}_era5_oper_pl_merge*.nc"), chunks="auto")
/home/563/fm6730/localrepo/wave_vertical_heating/scripts/main/create_doyclim.py:24: UserWarning: The specified chunks separate the stored chunks along dimension "level" starting at index 1. This could degrade performance. Instead, consider rechunking after loading.
  ds_clim = xr.open_mfdataset(os.path.join(folder,f"{var}_era5_oper_pl_merge*.nc"), chunks="auto")
/home/563/fm6730/localrepo/wave_vertical_heating/scripts/main/create_doyclim.py:24: UserWarning: The specified chunks separate the stored chunks along dimension "lat" starting at index 1. This could degrade performance. Instead, consider rechunking after loading.
  ds_clim = xr.open_mfdataset(os.path.join(folder,f"{var}_era5_oper_pl_merge*.nc"), chunks="auto")
/home/563/fm6730/localrepo/wave_vertical_heating/scripts/main/create_doyclim.py:24: UserWarning: The specified chunks separate the stored chunks along dimension "level" starting at index 1. This could degrade performance. Instead, consider rechunking after loading.
  ds_clim = xr.open_mfdataset(os.path.join(folder,f"{var}_era5_oper_pl_merge*.nc"), chunks="auto")
/home/563/fm6730/localrepo/wave_vertical_heating/scripts/main/create_doyclim.py:24: UserWarning: The specified chunks separate the stored chunks along dimension "lat" starting at index 1. This could degrade performance. Instead, consider rechunking after loading.
  ds_clim = xr.open_mfdataset(os.path.join(folder,f"{var}_era5_oper_pl_merge*.nc"), chunks="auto")
/home/563/fm6730/localrepo/wave_vertical_heating/scripts/main/create_doyclim.py:24: UserWarning: The specified chunks separate the stored chunks along dimension "level" starting at index 1. This could degrade performance. Instead, consider rechunking after loading.
  ds_clim = xr.open_mfdataset(os.path.join(folder,f"{var}_era5_oper_pl_merge*.nc"), chunks="auto")
/home/563/fm6730/localrepo/wave_vertical_heating/scripts/main/create_doyclim.py:24: UserWarning: The specified chunks separate the stored chunks along dimension "lat" starting at index 1. This could degrade performance. Instead, consider rechunking after loading.
  ds_clim = xr.open_mfdataset(os.path.join(folder,f"{var}_era5_oper_pl_merge*.nc"), chunks="auto")
/home/563/fm6730/localrepo/wave_vertical_heating/scripts/main/create_doyclim.py:24: UserWarning: The specified chunks separate the stored chunks along dimension "level" starting at index 1. This could degrade performance. Instead, consider rechunking after loading.
  ds_clim = xr.open_mfdataset(os.path.join(folder,f"{var}_era5_oper_pl_merge*.nc"), chunks="auto")
/home/563/fm6730/localrepo/wave_vertical_heating/scripts/main/create_doyclim.py:24: UserWarning: The specified chunks separate the stored chunks along dimension "lat" starting at index 1. This could degrade performance. Instead, consider rechunking after loading.
  ds_clim = xr.open_mfdataset(os.path.join(folder,f"{var}_era5_oper_pl_merge*.nc"), chunks="auto")
/home/563/fm6730/localrepo/wave_vertical_heating/scripts/main/create_doyclim.py:24: UserWarning: The specified chunks separate the stored chunks along dimension "level" starting at index 1. This could degrade performance. Instead, consider rechunking after loading.
  ds_clim = xr.open_mfdataset(os.path.join(folder,f"{var}_era5_oper_pl_merge*.nc"), chunks="auto")
/home/563/fm6730/localrepo/wave_vertical_heating/scripts/main/create_doyclim.py:24: UserWarning: The specified chunks separate the stored chunks along dimension "lat" starting at index 1. This could degrade performance. Instead, consider rechunking after loading.
  ds_clim = xr.open_mfdataset(os.path.join(folder,f"{var}_era5_oper_pl_merge*.nc"), chunks="auto")
/home/563/fm6730/localrepo/wave_vertical_heating/scripts/main/create_doyclim.py:24: UserWarning: The specified chunks separate the stored chunks along dimension "level" starting at index 1. This could degrade performance. Instead, consider rechunking after loading.
  ds_clim = xr.open_mfdataset(os.path.join(folder,f"{var}_era5_oper_pl_merge*.nc"), chunks="auto")
/home/563/fm6730/localrepo/wave_vertical_heating/scripts/main/create_doyclim.py:24: UserWarning: The specified chunks separate the stored chunks along dimension "lat" starting at index 1. This could degrade performance. Instead, consider rechunking after loading.
  ds_clim = xr.open_mfdataset(os.path.join(folder,f"{var}_era5_oper_pl_merge*.nc"), chunks="auto")
/home/563/fm6730/localrepo/wave_vertical_heating/scripts/main/create_doyclim.py:24: UserWarning: The specified chunks separate the stored chunks along dimension "level" starting at index 1. This could degrade performance. Instead, consider rechunking after loading.
  ds_clim = xr.open_mfdataset(os.path.join(folder,f"{var}_era5_oper_pl_merge*.nc"), chunks="auto")
/home/563/fm6730/localrepo/wave_vertical_heating/scripts/main/create_doyclim.py:24: UserWarning: The specified chunks separate the stored chunks along dimension "lat" starting at index 1. This could degrade performance. Instead, consider rechunking after loading.
  ds_clim = xr.open_mfdataset(os.path.join(folder,f"{var}_era5_oper_pl_merge*.nc"), chunks="auto")
/home/563/fm6730/localrepo/wave_vertical_heating/scripts/main/create_doyclim.py:24: UserWarning: The specified chunks separate the stored chunks along dimension "level" starting at index 1. This could degrade performance. Instead, consider rechunking after loading.
  ds_clim = xr.open_mfdataset(os.path.join(folder,f"{var}_era5_oper_pl_merge*.nc"), chunks="auto")
/home/563/fm6730/localrepo/wave_vertical_heating/scripts/main/create_doyclim.py:24: UserWarning: The specified chunks separate the stored chunks along dimension "lat" starting at index 1. This could degrade performance. Instead, consider rechunking after loading.
  ds_clim = xr.open_mfdataset(os.path.join(folder,f"{var}_era5_oper_pl_merge*.nc"), chunks="auto")
/home/563/fm6730/localrepo/wave_vertical_heating/scripts/main/create_doyclim.py:24: UserWarning: The specified chunks separate the stored chunks along dimension "level" starting at index 1. This could degrade performance. Instead, consider rechunking after loading.
  ds_clim = xr.open_mfdataset(os.path.join(folder,f"{var}_era5_oper_pl_merge*.nc"), chunks="auto")
/home/563/fm6730/localrepo/wave_vertical_heating/scripts/main/create_doyclim.py:24: UserWarning: The specified chunks separate the stored chunks along dimension "lat" starting at index 1. This could degrade performance. Instead, consider rechunking after loading.
  ds_clim = xr.open_mfdataset(os.path.join(folder,f"{var}_era5_oper_pl_merge*.nc"), chunks="auto")
/home/563/fm6730/localrepo/wave_vertical_heating/scripts/main/create_doyclim.py:24: UserWarning: The specified chunks separate the stored chunks along dimension "level" starting at index 1. This could degrade performance. Instead, consider rechunking after loading.
  ds_clim = xr.open_mfdataset(os.path.join(folder,f"{var}_era5_oper_pl_merge*.nc"), chunks="auto")
/home/563/fm6730/localrepo/wave_vertical_heating/scripts/main/create_doyclim.py:24: UserWarning: The specified chunks separate the stored chunks along dimension "lat" starting at index 1. This could degrade performance. Instead, consider rechunking after loading.
  ds_clim = xr.open_mfdataset(os.path.join(folder,f"{var}_era5_oper_pl_merge*.nc"), chunks="auto")
/home/563/fm6730/localrepo/wave_vertical_heating/scripts/main/create_doyclim.py:24: UserWarning: The specified chunks separate the stored chunks along dimension "level" starting at index 1. This could degrade performance. Instead, consider rechunking after loading.
  ds_clim = xr.open_mfdataset(os.path.join(folder,f"{var}_era5_oper_pl_merge*.nc"), chunks="auto")
/home/563/fm6730/localrepo/wave_vertical_heating/scripts/main/create_doyclim.py:24: UserWarning: The specified chunks separate the stored chunks along dimension "lat" starting at index 1. This could degrade performance. Instead, consider rechunking after loading.
  ds_clim = xr.open_mfdataset(os.path.join(folder,f"{var}_era5_oper_pl_merge*.nc"), chunks="auto")
/home/563/fm6730/localrepo/wave_vertical_heating/scripts/main/create_doyclim.py:24: UserWarning: The specified chunks separate the stored chunks along dimension "level" starting at index 1. This could degrade performance. Instead, consider rechunking after loading.
  ds_clim = xr.open_mfdataset(os.path.join(folder,f"{var}_era5_oper_pl_merge*.nc"), chunks="auto")
/home/563/fm6730/localrepo/wave_vertical_heating/scripts/main/create_doyclim.py:24: UserWarning: The specified chunks separate the stored chunks along dimension "lat" starting at index 1. This could degrade performance. Instead, consider rechunking after loading.
  ds_clim = xr.open_mfdataset(os.path.join(folder,f"{var}_era5_oper_pl_merge*.nc"), chunks="auto")
/home/563/fm6730/localrepo/wave_vertical_heating/scripts/main/create_doyclim.py:24: UserWarning: The specified chunks separate the stored chunks along dimension "level" starting at index 1. This could degrade performance. Instead, consider rechunking after loading.
  ds_clim = xr.open_mfdataset(os.path.join(folder,f"{var}_era5_oper_pl_merge*.nc"), chunks="auto")
/home/563/fm6730/localrepo/wave_vertical_heating/scripts/main/create_doyclim.py:24: UserWarning: The specified chunks separate the stored chunks along dimension "lat" starting at index 1. This could degrade performance. Instead, consider rechunking after loading.
  ds_clim = xr.open_mfdataset(os.path.join(folder,f"{var}_era5_oper_pl_merge*.nc"), chunks="auto")
/home/563/fm6730/localrepo/wave_vertical_heating/scripts/main/create_doyclim.py:24: UserWarning: The specified chunks separate the stored chunks along dimension "level" starting at index 1. This could degrade performance. Instead, consider rechunking after loading.
  ds_clim = xr.open_mfdataset(os.path.join(folder,f"{var}_era5_oper_pl_merge*.nc"), chunks="auto")
/home/563/fm6730/localrepo/wave_vertical_heating/scripts/main/create_doyclim.py:24: UserWarning: The specified chunks separate the stored chunks along dimension "lat" starting at index 1. This could degrade performance. Instead, consider rechunking after loading.
  ds_clim = xr.open_mfdataset(os.path.join(folder,f"{var}_era5_oper_pl_merge*.nc"), chunks="auto")
/home/563/fm6730/localrepo/wave_vertical_heating/scripts/main/create_doyclim.py:24: UserWarning: The specified chunks separate the stored chunks along dimension "level" starting at index 1. This could degrade performance. Instead, consider rechunking after loading.
  ds_clim = xr.open_mfdataset(os.path.join(folder,f"{var}_era5_oper_pl_merge*.nc"), chunks="auto")
/home/563/fm6730/localrepo/wave_vertical_heating/scripts/main/create_doyclim.py:24: UserWarning: The specified chunks separate the stored chunks along dimension "lat" starting at index 1. This could degrade performance. Instead, consider rechunking after loading.
  ds_clim = xr.open_mfdataset(os.path.join(folder,f"{var}_era5_oper_pl_merge*.nc"), chunks="auto")
/home/563/fm6730/localrepo/wave_vertical_heating/scripts/main/create_doyclim.py:24: UserWarning: The specified chunks separate the stored chunks along dimension "level" starting at index 1. This could degrade performance. Instead, consider rechunking after loading.
  ds_clim = xr.open_mfdataset(os.path.join(folder,f"{var}_era5_oper_pl_merge*.nc"), chunks="auto")
/home/563/fm6730/localrepo/wave_vertical_heating/scripts/main/create_doyclim.py:24: UserWarning: The specified chunks separate the stored chunks along dimension "lat" starting at index 1. This could degrade performance. Instead, consider rechunking after loading.
  ds_clim = xr.open_mfdataset(os.path.join(folder,f"{var}_era5_oper_pl_merge*.nc"), chunks="auto")
/home/563/fm6730/localrepo/wave_vertical_heating/scripts/main/create_doyclim.py:24: UserWarning: The specified chunks separate the stored chunks along dimension "level" starting at index 1. This could degrade performance. Instead, consider rechunking after loading.
  ds_clim = xr.open_mfdataset(os.path.join(folder,f"{var}_era5_oper_pl_merge*.nc"), chunks="auto")
/home/563/fm6730/localrepo/wave_vertical_heating/scripts/main/create_doyclim.py:24: UserWarning: The specified chunks separate the stored chunks along dimension "lat" starting at index 1. This could degrade performance. Instead, consider rechunking after loading.
  ds_clim = xr.open_mfdataset(os.path.join(folder,f"{var}_era5_oper_pl_merge*.nc"), chunks="auto")
/home/563/fm6730/localrepo/wave_vertical_heating/scripts/main/create_doyclim.py:24: UserWarning: The specified chunks separate the stored chunks along dimension "level" starting at index 1. This could degrade performance. Instead, consider rechunking after loading.
  ds_clim = xr.open_mfdataset(os.path.join(folder,f"{var}_era5_oper_pl_merge*.nc"), chunks="auto")
/home/563/fm6730/localrepo/wave_vertical_heating/scripts/main/create_doyclim.py:24: UserWarning: The specified chunks separate the stored chunks along dimension "lat" starting at index 1. This could degrade performance. Instead, consider rechunking after loading.
  ds_clim = xr.open_mfdataset(os.path.join(folder,f"{var}_era5_oper_pl_merge*.nc"), chunks="auto")
/home/563/fm6730/localrepo/wave_vertical_heating/scripts/main/create_doyclim.py:24: UserWarning: The specified chunks separate the stored chunks along dimension "level" starting at index 1. This could degrade performance. Instead, consider rechunking after loading.
  ds_clim = xr.open_mfdataset(os.path.join(folder,f"{var}_era5_oper_pl_merge*.nc"), chunks="auto")
/home/563/fm6730/localrepo/wave_vertical_heating/scripts/main/create_doyclim.py:24: UserWarning: The specified chunks separate the stored chunks along dimension "lat" starting at index 1. This could degrade performance. Instead, consider rechunking after loading.
  ds_clim = xr.open_mfdataset(os.path.join(folder,f"{var}_era5_oper_pl_merge*.nc"), chunks="auto")
/home/563/fm6730/localrepo/wave_vertical_heating/scripts/main/create_doyclim.py:24: UserWarning: The specified chunks separate the stored chunks along dimension "level" starting at index 1. This could degrade performance. Instead, consider rechunking after loading.
  ds_clim = xr.open_mfdataset(os.path.join(folder,f"{var}_era5_oper_pl_merge*.nc"), chunks="auto")
/home/563/fm6730/localrepo/wave_vertical_heating/scripts/main/create_doyclim.py:24: UserWarning: The specified chunks separate the stored chunks along dimension "lat" starting at index 1. This could degrade performance. Instead, consider rechunking after loading.
  ds_clim = xr.open_mfdataset(os.path.join(folder,f"{var}_era5_oper_pl_merge*.nc"), chunks="auto")
/home/563/fm6730/localrepo/wave_vertical_heating/scripts/main/create_doyclim.py:24: UserWarning: The specified chunks separate the stored chunks along dimension "level" starting at index 1. This could degrade performance. Instead, consider rechunking after loading.
  ds_clim = xr.open_mfdataset(os.path.join(folder,f"{var}_era5_oper_pl_merge*.nc"), chunks="auto")
/home/563/fm6730/localrepo/wave_vertical_heating/scripts/main/create_doyclim.py:24: UserWarning: The specified chunks separate the stored chunks along dimension "lat" starting at index 1. This could degrade performance. Instead, consider rechunking after loading.
  ds_clim = xr.open_mfdataset(os.path.join(folder,f"{var}_era5_oper_pl_merge*.nc"), chunks="auto")
/home/563/fm6730/localrepo/wave_vertical_heating/scripts/main/create_doyclim.py:24: UserWarning: The specified chunks separate the stored chunks along dimension "level" starting at index 1. This could degrade performance. Instead, consider rechunking after loading.
  ds_clim = xr.open_mfdataset(os.path.join(folder,f"{var}_era5_oper_pl_merge*.nc"), chunks="auto")
/home/563/fm6730/localrepo/wave_vertical_heating/scripts/main/create_doyclim.py:24: UserWarning: The specified chunks separate the stored chunks along dimension "lat" starting at index 1. This could degrade performance. Instead, consider rechunking after loading.
  ds_clim = xr.open_mfdataset(os.path.join(folder,f"{var}_era5_oper_pl_merge*.nc"), chunks="auto")
/home/563/fm6730/localrepo/wave_vertical_heating/scripts/main/create_doyclim.py:24: UserWarning: The specified chunks separate the stored chunks along dimension "level" starting at index 1. This could degrade performance. Instead, consider rechunking after loading.
  ds_clim = xr.open_mfdataset(os.path.join(folder,f"{var}_era5_oper_pl_merge*.nc"), chunks="auto")
/home/563/fm6730/localrepo/wave_vertical_heating/scripts/main/create_doyclim.py:24: UserWarning: The specified chunks separate the stored chunks along dimension "lat" starting at index 1. This could degrade performance. Instead, consider rechunking after loading.
  ds_clim = xr.open_mfdataset(os.path.join(folder,f"{var}_era5_oper_pl_merge*.nc"), chunks="auto")
/home/563/fm6730/localrepo/wave_vertical_heating/scripts/main/create_doyclim.py:24: UserWarning: The specified chunks separate the stored chunks along dimension "level" starting at index 1. This could degrade performance. Instead, consider rechunking after loading.
  ds_clim = xr.open_mfdataset(os.path.join(folder,f"{var}_era5_oper_pl_merge*.nc"), chunks="auto")
/home/563/fm6730/localrepo/wave_vertical_heating/scripts/main/create_doyclim.py:24: UserWarning: The specified chunks separate the stored chunks along dimension "lat" starting at index 1. This could degrade performance. Instead, consider rechunking after loading.
  ds_clim = xr.open_mfdataset(os.path.join(folder,f"{var}_era5_oper_pl_merge*.nc"), chunks="auto")
/home/563/fm6730/localrepo/wave_vertical_heating/scripts/main/create_doyclim.py:24: UserWarning: The specified chunks separate the stored chunks along dimension "level" starting at index 1. This could degrade performance. Instead, consider rechunking after loading.
  ds_clim = xr.open_mfdataset(os.path.join(folder,f"{var}_era5_oper_pl_merge*.nc"), chunks="auto")
/home/563/fm6730/localrepo/wave_vertical_heating/scripts/main/create_doyclim.py:24: UserWarning: The specified chunks separate the stored chunks along dimension "lat" starting at index 1. This could degrade performance. Instead, consider rechunking after loading.
  ds_clim = xr.open_mfdataset(os.path.join(folder,f"{var}_era5_oper_pl_merge*.nc"), chunks="auto")
/home/563/fm6730/localrepo/wave_vertical_heating/scripts/main/create_doyclim.py:24: UserWarning: The specified chunks separate the stored chunks along dimension "level" starting at index 1. This could degrade performance. Instead, consider rechunking after loading.
  ds_clim = xr.open_mfdataset(os.path.join(folder,f"{var}_era5_oper_pl_merge*.nc"), chunks="auto")
/home/563/fm6730/localrepo/wave_vertical_heating/scripts/main/create_doyclim.py:24: UserWarning: The specified chunks separate the stored chunks along dimension "lat" starting at index 1. This could degrade performance. Instead, consider rechunking after loading.
  ds_clim = xr.open_mfdataset(os.path.join(folder,f"{var}_era5_oper_pl_merge*.nc"), chunks="auto")
/home/563/fm6730/localrepo/wave_vertical_heating/scripts/main/create_doyclim.py:24: UserWarning: The specified chunks separate the stored chunks along dimension "level" starting at index 1. This could degrade performance. Instead, consider rechunking after loading.
  ds_clim = xr.open_mfdataset(os.path.join(folder,f"{var}_era5_oper_pl_merge*.nc"), chunks="auto")
/home/563/fm6730/localrepo/wave_vertical_heating/scripts/main/create_doyclim.py:24: UserWarning: The specified chunks separate the stored chunks along dimension "lat" starting at index 1. This could degrade performance. Instead, consider rechunking after loading.
  ds_clim = xr.open_mfdataset(os.path.join(folder,f"{var}_era5_oper_pl_merge*.nc"), chunks="auto")
/home/563/fm6730/localrepo/wave_vertical_heating/scripts/main/create_doyclim.py:24: UserWarning: The specified chunks separate the stored chunks along dimension "level" starting at index 1. This could degrade performance. Instead, consider rechunking after loading.
  ds_clim = xr.open_mfdataset(os.path.join(folder,f"{var}_era5_oper_pl_merge*.nc"), chunks="auto")
/home/563/fm6730/localrepo/wave_vertical_heating/scripts/main/create_doyclim.py:24: UserWarning: The specified chunks separate the stored chunks along dimension "lat" starting at index 1. This could degrade performance. Instead, consider rechunking after loading.
  ds_clim = xr.open_mfdataset(os.path.join(folder,f"{var}_era5_oper_pl_merge*.nc"), chunks="auto")
/home/563/fm6730/localrepo/wave_vertical_heating/scripts/main/create_doyclim.py:24: UserWarning: The specified chunks separate the stored chunks along dimension "level" starting at index 1. This could degrade performance. Instead, consider rechunking after loading.
  ds_clim = xr.open_mfdataset(os.path.join(folder,f"{var}_era5_oper_pl_merge*.nc"), chunks="auto")
/home/563/fm6730/localrepo/wave_vertical_heating/scripts/main/create_doyclim.py:24: UserWarning: The specified chunks separate the stored chunks along dimension "lat" starting at index 1. This could degrade performance. Instead, consider rechunking after loading.
  ds_clim = xr.open_mfdataset(os.path.join(folder,f"{var}_era5_oper_pl_merge*.nc"), chunks="auto")
/home/563/fm6730/localrepo/wave_vertical_heating/scripts/main/create_doyclim.py:24: UserWarning: The specified chunks separate the stored chunks along dimension "level" starting at index 1. This could degrade performance. Instead, consider rechunking after loading.
  ds_clim = xr.open_mfdataset(os.path.join(folder,f"{var}_era5_oper_pl_merge*.nc"), chunks="auto")
/home/563/fm6730/localrepo/wave_vertical_heating/scripts/main/create_doyclim.py:24: UserWarning: The specified chunks separate the stored chunks along dimension "lat" starting at index 1. This could degrade performance. Instead, consider rechunking after loading.
  ds_clim = xr.open_mfdataset(os.path.join(folder,f"{var}_era5_oper_pl_merge*.nc"), chunks="auto")
/home/563/fm6730/localrepo/wave_vertical_heating/scripts/main/create_doyclim.py:24: UserWarning: The specified chunks separate the stored chunks along dimension "level" starting at index 1. This could degrade performance. Instead, consider rechunking after loading.
  ds_clim = xr.open_mfdataset(os.path.join(folder,f"{var}_era5_oper_pl_merge*.nc"), chunks="auto")
/home/563/fm6730/localrepo/wave_vertical_heating/scripts/main/create_doyclim.py:24: UserWarning: The specified chunks separate the stored chunks along dimension "lat" starting at index 1. This could degrade performance. Instead, consider rechunking after loading.
  ds_clim = xr.open_mfdataset(os.path.join(folder,f"{var}_era5_oper_pl_merge*.nc"), chunks="auto")
/home/563/fm6730/localrepo/wave_vertical_heating/scripts/main/create_doyclim.py:24: UserWarning: The specified chunks separate the stored chunks along dimension "level" starting at index 1. This could degrade performance. Instead, consider rechunking after loading.
  ds_clim = xr.open_mfdataset(os.path.join(folder,f"{var}_era5_oper_pl_merge*.nc"), chunks="auto")
/home/563/fm6730/localrepo/wave_vertical_heating/scripts/main/create_doyclim.py:24: UserWarning: The specified chunks separate the stored chunks along dimension "lat" starting at index 1. This could degrade performance. Instead, consider rechunking after loading.
  ds_clim = xr.open_mfdataset(os.path.join(folder,f"{var}_era5_oper_pl_merge*.nc"), chunks="auto")
/home/563/fm6730/localrepo/wave_vertical_heating/scripts/main/create_doyclim.py:24: UserWarning: The specified chunks separate the stored chunks along dimension "level" starting at index 1. This could degrade performance. Instead, consider rechunking after loading.
  ds_clim = xr.open_mfdataset(os.path.join(folder,f"{var}_era5_oper_pl_merge*.nc"), chunks="auto")
/home/563/fm6730/localrepo/wave_vertical_heating/scripts/main/create_doyclim.py:24: UserWarning: The specified chunks separate the stored chunks along dimension "lat" starting at index 1. This could degrade performance. Instead, consider rechunking after loading.
  ds_clim = xr.open_mfdataset(os.path.join(folder,f"{var}_era5_oper_pl_merge*.nc"), chunks="auto")
/home/563/fm6730/localrepo/wave_vertical_heating/scripts/main/create_doyclim.py:24: UserWarning: The specified chunks separate the stored chunks along dimension "level" starting at index 1. This could degrade performance. Instead, consider rechunking after loading.
  ds_clim = xr.open_mfdataset(os.path.join(folder,f"{var}_era5_oper_pl_merge*.nc"), chunks="auto")
/home/563/fm6730/localrepo/wave_vertical_heating/scripts/main/create_doyclim.py:24: UserWarning: The specified chunks separate the stored chunks along dimension "lat" starting at index 1. This could degrade performance. Instead, consider rechunking after loading.
  ds_clim = xr.open_mfdataset(os.path.join(folder,f"{var}_era5_oper_pl_merge*.nc"), chunks="auto")
/home/563/fm6730/localrepo/wave_vertical_heating/scripts/main/create_doyclim.py:24: UserWarning: The specified chunks separate the stored chunks along dimension "level" starting at index 1. This could degrade performance. Instead, consider rechunking after loading.
  ds_clim = xr.open_mfdataset(os.path.join(folder,f"{var}_era5_oper_pl_merge*.nc"), chunks="auto")
/home/563/fm6730/localrepo/wave_vertical_heating/scripts/main/create_doyclim.py:24: UserWarning: The specified chunks separate the stored chunks along dimension "lat" starting at index 1. This could degrade performance. Instead, consider rechunking after loading.
  ds_clim = xr.open_mfdataset(os.path.join(folder,f"{var}_era5_oper_pl_merge*.nc"), chunks="auto")
/home/563/fm6730/localrepo/wave_vertical_heating/scripts/main/create_doyclim.py:24: UserWarning: The specified chunks separate the stored chunks along dimension "level" starting at index 1. This could degrade performance. Instead, consider rechunking after loading.
  ds_clim = xr.open_mfdataset(os.path.join(folder,f"{var}_era5_oper_pl_merge*.nc"), chunks="auto")
/home/563/fm6730/localrepo/wave_vertical_heating/scripts/main/create_doyclim.py:24: UserWarning: The specified chunks separate the stored chunks along dimension "lat" starting at index 1. This could degrade performance. Instead, consider rechunking after loading.
  ds_clim = xr.open_mfdataset(os.path.join(folder,f"{var}_era5_oper_pl_merge*.nc"), chunks="auto")
/home/563/fm6730/localrepo/wave_vertical_heating/scripts/main/create_doyclim.py:24: UserWarning: The specified chunks separate the stored chunks along dimension "level" starting at index 1. This could degrade performance. Instead, consider rechunking after loading.
  ds_clim = xr.open_mfdataset(os.path.join(folder,f"{var}_era5_oper_pl_merge*.nc"), chunks="auto")
/home/563/fm6730/localrepo/wave_vertical_heating/scripts/main/create_doyclim.py:24: UserWarning: The specified chunks separate the stored chunks along dimension "lat" starting at index 1. This could degrade performance. Instead, consider rechunking after loading.
  ds_clim = xr.open_mfdataset(os.path.join(folder,f"{var}_era5_oper_pl_merge*.nc"), chunks="auto")
